// Jest Snapshot v1, https://goo.gl/fbAQLP

exports[`ArrowGoBack testing should match snapshot 1`] = `
<div>
  <button
    aria-label="navigate back to home"
    class="MuiButtonBase-root MuiIconButton-root MuiIconButton-colorSecondary MuiIconButton-sizeMedium css-i7l6r4-MuiButtonBase-root-MuiIconButton-root"
    tabindex="0"
    type="button"
  >
    <svg
      aria-hidden="true"
      class="MuiSvgIcon-root MuiSvgIcon-fontSizeMedium css-i4bv87-MuiSvgIcon-root"
      data-testid="ArrowBackIcon"
      focusable="false"
      viewBox="0 0 24 24"
    >
      <path
        d="M20 11H7.83l5.59-5.59L12 4l-8 8 8 8 1.41-1.41L7.83 13H20z"
      />
    </svg>
    <span
      class="MuiTouchRipple-root css-8je8zh-MuiTouchRipple-root"
    />
  </button>
</div>
`;
